22:01:08Z w4: waiting 26032 s for 2026-09-25T05:15:00Z
00:40:45Z w4b: waiting 16455 s for 2026-09-25T05:15:00Z
05:15:21Z w4b: before the cert: ltvFor 0  ltvEffective 0  regime 4  cap 100000
[05:15:34Z] maker 0xe1df35Af172E41D5A387D7e1b54A5Ab18b539A3E
[05:15:50Z] maker 0xe1df35Af172E41D5A387D7e1b54A5Ab18b539A3E: committed after post 1456000; balance after bond 20124196; allowance after bond 115792089237316195423570985008687907853269984665640564039457584007913129639935
[05:15:50Z] cert counts while shut until 2026-10-14T04:30Z (expiry - 73h30m; longer closures need more)
[05:15:51Z] post cert: 0.028e18 of 0x41333Df9E7639188BBfca5522dC4844398Af9f9E at 52e6/share for 0x23c778c88C3ABf0Ad750f703C5F04cB3129ee339, expiry 1792216800, bond 1e6
[05:15:51Z]   to       0x702b1a988765f85162F4829175EF4232197e9C6D
[05:15:51Z]   from     0xe1df35Af172E41D5A387D7e1b54A5Ab18b539A3E
[05:15:51Z]   calldata 0x33d580fa00000000000000000000000041333df9e7639188bbfca5522dc4844398af9f9e00000000000000000000000023c778c88c3abf0ad750f703c5f04cb3129ee339000000000000000000000000000000000000000000000000006379da05b600000000000000000000000000000000000000000000000000000000000003197500000000000000000000000000000000000000000000000000000000006ad30ee000000000000000000000000000000000000000000000000000000000000f42406464377535306e636b74356537323966100080218021802180218021802180218021
[05:15:56Z]   simulation ok
[05:16:03Z]   tx       0x19c80f58740a4ebb37b07613023d314a5a43119e3e8c754054f6983e40ebbd43  status 0x1  gas 339934
05:16:39Z w4b: after the cert (committed(K) 1456000): ltvFor 6000  ltvEffective 6000  regime 4  cap 100000
05:16:47Z w4b: A borrow 1.4 USDG (attempt 1): ok 0x438c26de55074b10ccce9b45341203a071e21482d91d3257ccc5e291d78fd0a4
05:16:57Z w4b:   outer status 1 block 71544372
05:16:57Z w4b:   Borrowed [1400000, 1400000, 6000]
05:17:07Z w4b: borrowed=1 debtOf(A) 1400000
    [05:17:09Z] CurbCredit 0x23c778c88C3ABf0Ad750f703C5F04cB3129ee339
    [05:17:14Z]   reserve (USDG units)  1600000 [1.6e6]
    [05:18:04Z]   0x41333Df9E7639188BBfca5522dC4844398Af9f9E  open=true  ltvFor=6000bps  ltvEffective=6000bps  realisable=1456000 [1.456e6]  totalColl=50000000000000000 [5e16]  totalPrincipal=1400000 [1.4e6]  seized=0  certs-count-if-expiry>=1790318883 [1.79e9]
    [05:18:22Z]     0x055ba8acd60a2287b2d01cb3bf237e4424357105  debt=1400000 [1.4e6]  limit=1672123 [1.672e6]  breached(known,breached)=true false 
    [05:18:27Z]     cure(active,lastOpen,openedAt,lastTickAt,used,priceAtBreach)=(false, false, 0, 0, 0, 0)
    [05:18:51Z]   maker 0xe1df35Af172E41D5A387D7e1b54A5Ab18b539A3E  committed=1456000  allowance=115792089237316195423570985008687907853269984665640564039457584007913128639935  balance=20124196  isHonourable=true
    [05:19:13Z]   maker 0x78a5955b433988198bccA2E8bdC671444798f809  committed=0  allowance=0  balance=4000000  isHonourable=true
 S07   media/clips/S07-cert.mp4

═══ CHECKS: 3/3 passed ═══
05:19:49Z w4b: waiting 9371 s for 2026-09-25T07:56:00Z
07:56:26Z w4b: after the cut: ltvFor 3000  ltvEffective 3000  regime 1  cap 0; flagBreach
[07:56:29Z] flagBreach 0x055ba8acd60a2287b2d01cb3bf237e4424357105 on 0x41333Df9E7639188BBfca5522dC4844398Af9f9E
[07:56:29Z]   to       0x23c778c88C3ABf0Ad750f703C5F04cB3129ee339
[07:56:29Z]   from     0xe1df35Af172E41D5A387D7e1b54A5Ab18b539A3E
[07:56:29Z]   calldata 0x21892829000000000000000000000000055ba8acd60a2287b2d01cb3bf237e442435710500000000000000000000000041333df9e7639188bbfca5522dc4844398af9f9e6464377535306e636b74356537323966100080218021802180218021802180218021
[07:56:36Z]   simulation ok
[07:56:43Z]   tx       0xd598c4fb42ed4883df6067968758ef30b8e955641b15f325888e605700de2e57  status 0x1  gas 165530
07:57:53Z w4b: cure active=1: (true, false, 1790323003 [1.79e9], 1790323003 [1.79e9], 0, 55687489500681238164 [5.568e19])
    [07:57:54Z] CurbCredit 0x23c778c88C3ABf0Ad750f703C5F04cB3129ee339
    [07:58:00Z]   reserve (USDG units)  1600000 [1.6e6]
    [07:58:51Z]   0x41333Df9E7639188BBfca5522dC4844398Af9f9E  open=false  ltvFor=3000bps  ltvEffective=3000bps  realisable=1456000 [1.456e6]  totalColl=50000000000000000 [5e16]  totalPrincipal=1400000 [1.4e6]  seized=0  certs-count-if-expiry>=1790587730 [1.79e9]
    [07:59:09Z]     0x055ba8acd60a2287b2d01cb3bf237e4424357105  debt=1400021 [1.4e6]  limit=835312 [8.353e5]  breached(known,breached)=true true 
    [07:59:16Z]     cure(active,lastOpen,openedAt,lastTickAt,used,priceAtBreach)=(true, false, 1790323003 [1.79e9], 1790323003 [1.79e9], 0, 55687489500681238164 [5.568e19])
    [07:59:41Z]   maker 0xe1df35Af172E41D5A387D7e1b54A5Ab18b539A3E  committed=1456000  allowance=115792089237316195423570985008687907853269984665640564039457584007913128639935  balance=20124196  isHonourable=true
    [08:00:04Z]   maker 0x78a5955b433988198bccA2E8bdC671444798f809  committed=0  allowance=0  balance=3800000  isHonourable=true
 S07   media/clips/S07-breach.mp4

═══ CHECKS: 3/3 passed ═══
08:00:36Z w4b: done
